// Jest Snapshot v1, https://goo.gl/fbAQLP

exports[`Chart component snapshot  1`] = `
<div>
  <canvas
    height={400}
    width={600}
  />
</div>
`;
